{
  "results": {
    "wikitext": {
      "name": "wikitext",
      "alias": "wikitext",
      "sample_len": 1,
      "word_perplexity,none": 15.818935712560263,
      "word_perplexity_stderr,none": "N/A",
      "byte_perplexity,none": 1.7032818812984145,
      "byte_perplexity_stderr,none": "N/A",
      "bits_per_byte,none": 0.768317210764583,
      "bits_per_byte_stderr,none": "N/A"
    }
  },
  "group_subtasks": {},
  "configs": {
    "wikitext": {
      "task": "wikitext",
      "dataset_path": "EleutherAI/wikitext_document_level",
      "dataset_name": "wikitext-2-raw-v1",
      "training_split": "train",
      "validation_split": "validation",
      "test_split": "test",
      "doc_to_text": "",
      "doc_to_target": "def wikitext_detokenizer(doc):\n    string = doc[\"page\"]\n    # contractions\n    string = string.replace(\"s '\", \"s'\")\n    string = re.sub(r\"/' [0-9]/\", r\"/'[0-9]/\", string)\n    # number separators\n    string = string.replace(\" @-@ \", \"-\")\n    string = string.replace(\" @,@ \", \",\")\n    string = string.replace(\" @.@ \", \".\")\n    # punctuation\n    string = string.replace(\" : \", \": \")\n    string = string.replace(\" ; \", \"; \")\n    string = string.replace(\" . \", \". \")\n    string = string.replace(\" ! \", \"! \")\n    string = string.replace(\" ? \", \"? \")\n    string = string.replace(\" , \", \", \")\n    # double brackets\n    string = re.sub(r\"\\(\\s*([^\\)]*?)\\s*\\)\", r\"(\\1)\", string)\n    string = re.sub(r\"\\[\\s*([^\\]]*?)\\s*\\]\", r\"[\\1]\", string)\n    string = re.sub(r\"{\\s*([^}]*?)\\s*}\", r\"{\\1}\", string)\n    string = re.sub(r\"\\\"\\s*([^\\\"]*?)\\s*\\\"\", r'\"\\1\"', string)\n    string = re.sub(r\"'\\s*([^']*?)\\s*'\", r\"'\\1'\", string)\n    # miscellaneous\n    string = string.replace(\"= = = =\", \"====\")\n    string = string.replace(\"= = =\", \"===\")\n    string = string.replace(\"= =\", \"==\")\n    string = string.replace(\" \" + chr(176) + \" \", chr(176))\n    string = string.replace(\" \\n\", \"\\n\")\n    string = string.replace(\"\\n \", \"\\n\")\n    string = string.replace(\" N \", \" 1 \")\n    string = string.replace(\" 's\", \"'s\")\n\n    return string\n",
      "unsafe_code": false,
      "process_results": "def process_results(doc, results):\n    (loglikelihood,) = results\n    # IMPORTANT: wikitext counts number of words in *original doc before detokenization*\n    _words = len(re.split(r\"\\s+\", doc[\"page\"]))\n    _bytes = len(doc[\"page\"].encode(\"utf-8\"))\n    return {\n        \"word_perplexity\": (loglikelihood, _words),\n        \"byte_perplexity\": (loglikelihood, _bytes),\n        \"bits_per_byte\": (loglikelihood, _bytes),\n    }\n",
      "description": "",
      "target_delimiter": " ",
      "fewshot_delimiter": "\n\n",
      "fewshot_config": {
        "sampler": "default",
        "split": null,
        "process_docs": null,
        "fewshot_indices": null,
        "samples": null,
        "doc_to_text": "",
        "doc_to_choice": null,
        "doc_to_target": "<function wikitext_detokenizer at 0x14c2b507b6a0>",
        "gen_prefix": null,
        "fewshot_delimiter": "\n\n",
        "target_delimiter": " "
      },
      "num_fewshot": 0,
      "metric_list": [
        {
          "metric": "word_perplexity"
        },
        {
          "metric": "byte_perplexity"
        },
        {
          "metric": "bits_per_byte"
        }
      ],
      "output_type": "loglikelihood_rolling",
      "repeats": 1,
      "should_decontaminate": true,
      "doc_to_decontamination_query": "{{page}}",
      "metadata": {
        "version": 2.0,
        "pretrained": "m-a-p/1.3B-100B-GatedDeltaNet-pure",
        "dtype": "float16",
        "trust_remote_code": true,
        "gdn_attn_mode": "fused_recurrent",
        "config_source": "/home/yaoz0b/.cache/lm-evaluation-harness/lm_eval/tasks/wikitext/wikitext.yaml"
      }
    }
  },
  "versions": {
    "wikitext": 2.0
  },
  "n-shot": {
    "wikitext": 0
  },
  "higher_is_better": {
    "wikitext": {
      "word_perplexity": false,
      "byte_perplexity": false,
      "bits_per_byte": false
    }
  },
  "n-samples": {
    "wikitext": {
      "original": 62,
      "effective": 1
    }
  },
  "config": {
    "model": "gdn_hf",
    "model_args": {
      "pretrained": "m-a-p/1.3B-100B-GatedDeltaNet-pure",
      "dtype": "float16",
      "trust_remote_code": true,
      "gdn_attn_mode": "fused_recurrent"
    },
    "model_num_parameters": 1466343808,
    "model_dtype": "torch.float16",
    "model_revision": "main",
    "model_sha": "930ed6ae4ac629c86cb9855bb3dcb0a0974a29aa",
    "batch_size": "1",
    "batch_sizes": [],
    "device": "cuda",
    "use_cache": null,
    "limit": 1.0,
    "bootstrap_iters": 100000,
    "gen_kwargs": {},
    "random_seed": 0,
    "numpy_seed": 1234,
    "torch_seed": 1234,
    "fewshot_seed": 1234
  },
  "git_hash": "b53d6d3",
  "date": 1774870973.3558147,
  "pretty_env_info": "PyTorch version: 2.7.1+cu126\nIs debug build: False\nCUDA used to build PyTorch: 12.6\nROCM used to build PyTorch: N/A\n\nOS: Rocky Linux release 9.4 (Blue Onyx) (x86_64)\nGCC version: (GCC) 11.4.1 20231218 (Red Hat 11.4.1-3)\nClang version: Could not collect\nCMake version: version 3.26.5\nLibc version: glibc-2.34\n\nPython version: 3.11.15 | packaged by conda-forge | (main, Mar  5 2026, 16:45:40) [GCC 14.3.0] (64-bit runtime)\nPython platform: Linux-5.14.0-427.20.1.el9_4.0.1.x86_64-x86_64-with-glibc2.34\nIs CUDA available: True\nCUDA runtime version: 12.1.66\nCUDA_MODULE_LOADING set to: LAZY\nGPU models and configuration: GPU 0: Tesla V100-PCIE-32GB\nNvidia driver version: 570.86.15\ncuDNN version: Could not collect\nHIP runtime version: N/A\nMIOpen runtime version: N/A\nIs XNNPACK available: True\n\nCPU:\nArchitecture:                       x86_64\nCPU op-mode(s):                     32-bit, 64-bit\nAddress sizes:                      46 bits physical, 48 bits virtual\nByte Order:                         Little Endian\nCPU(s):                             40\nOn-line CPU(s) list:                0-39\nVendor ID:                          GenuineIntel\nModel name:                         Intel(R) Xeon(R) Gold 6248 CPU @ 2.50GHz\nCPU family:                         6\nModel:                              85\nThread(s) per core:                 1\nCore(s) per socket:                 20\nSocket(s):                          2\nStepping:                           7\nCPU(s) scaling MHz:                 98%\nCPU max MHz:                        3900.0000\nCPU min MHz:                        1000.0000\nBogoMIPS:                           5000.00\nFlags:                              fpu vme de pse tsc msr pae mce cx8 apic sep mtrr pge mca cmov pat pse36 clflush dts acpi mmx fxsr sse sse2 ss ht tm pbe syscall nx pdpe1gb rdtscp lm constant_tsc art arch_perfmon pebs bts rep_good nopl xtopology nonstop_tsc cpuid aperfmperf pni pclmulqdq dtes64 monitor ds_cpl vmx smx est tm2 ssse3 sdbg fma cx16 xtpr pdcm pcid dca sse4_1 sse4_2 x2apic movbe popcnt tsc_deadline_timer aes xsave avx f16c rdrand lahf_lm abm 3dnowprefetch cpuid_fault epb cat_l3 cdp_l3 intel_ppin ssbd mba ibrs ibpb stibp ibrs_enhanced tpr_shadow flexpriority ept vpid ept_ad fsgsbase tsc_adjust bmi1 avx2 smep bmi2 erms invpcid cqm mpx rdt_a avx512f avx512dq rdseed adx smap clflushopt clwb intel_pt avx512cd avx512bw avx512vl xsaveopt xsavec xgetbv1 xsaves cqm_llc cqm_occup_llc cqm_mbm_total cqm_mbm_local dtherm ida arat pln pts vnmi pku ospke avx512_vnni md_clear flush_l1d arch_capabilities\nVirtualization:                     VT-x\nL1d cache:                          1.3 MiB (40 instances)\nL1i cache:                          1.3 MiB (40 instances)\nL2 cache:                           40 MiB (40 instances)\nL3 cache:                           55 MiB (2 instances)\nNUMA node(s):                       2\nNUMA node0 CPU(s):                  0-19\nNUMA node1 CPU(s):                  20-39\nVulnerability Gather data sampling: Vulnerable: No microcode\nVulnerability Itlb multihit:        KVM: Mitigation: VMX disabled\nVulnerability L1tf:                 Not affected\nVulnerability Mds:                  Not affected\nVulnerability Meltdown:             Not affected\nVulnerability Mmio stale data:      Vulnerable: Clear CPU buffers attempted, no microcode; SMT disabled\nVulnerability Retbleed:             Mitigation; Enhanced IBRS\nVulnerability Spec rstack overflow: Not affected\nVulnerability Spec store bypass:    Mitigation; Speculative Store Bypass disabled via prctl\nVulnerability Spectre v1:           Mitigation; usercopy/swapgs barriers and __user pointer sanitization\nVulnerability Spectre v2:           Mitigation; Enhanced / Automatic IBRS, IBPB conditional, RSB filling, PBRSB-eIBRS SW sequence\nVulnerability Srbds:                Not affected\nVulnerability Tsx async abort:      Mitigation; TSX disabled\n\nVersions of relevant libraries:\n[pip3] numpy==2.4.4\n[pip3] nvidia-cublas-cu12==12.6.4.1\n[pip3] nvidia-cuda-cupti-cu12==12.6.80\n[pip3] nvidia-cuda-nvrtc-cu12==12.6.77\n[pip3] nvidia-cuda-runtime-cu12==12.6.77\n[pip3] nvidia-cudnn-cu12==9.5.1.17\n[pip3] nvidia-cufft-cu12==11.3.0.4\n[pip3] nvidia-curand-cu12==10.3.7.77\n[pip3] nvidia-cusolver-cu12==11.7.1.2\n[pip3] nvidia-cusparse-cu12==12.5.4.2\n[pip3] nvidia-cusparselt-cu12==0.6.3\n[pip3] nvidia-nccl-cu12==2.26.2\n[pip3] nvidia-nvjitlink-cu12==12.6.85\n[pip3] nvidia-nvtx-cu12==12.6.77\n[pip3] torch==2.7.1+cu126\n[pip3] triton==3.3.1\n[conda] No relevant packages",
  "transformers_version": "4.51.3",
  "lm_eval_version": "0.4.12.dev0",
  "upper_git_hash": null,
  "tokenizer_pad_token": [
    "<unk>",
    "0"
  ],
  "tokenizer_eos_token": [
    "</s>",
    "2"
  ],
  "tokenizer_bos_token": [
    "<s>",
    "1"
  ],
  "eot_token_id": 2,
  "max_length": 2048
}
gdn_hf ({'pretrained': 'm-a-p/1.3B-100B-GatedDeltaNet-pure', 'dtype': 'float16', 'gdn_attn_mode': 'fused_recurrent'}), gen_kwargs: ({}), limit: 1.0, num_fewshot: 0, batch_size: 1
| Tasks  |Version|Filter|n-shot|    Metric     |   | Value |   |Stderr|
|--------|------:|------|-----:|---------------|---|------:|---|------|
|wikitext|      2|none  |     0|bits_per_byte  |↓  | 0.7683|±  |   N/A|
|        |       |none  |     0|byte_perplexity|↓  | 1.7033|±  |   N/A|
|        |       |none  |     0|word_perplexity|↓  |15.8189|±  |   N/A|

